1791074402433	geckodriver	INFO	Listening on 127.0.0.1:54223
1791074405501	mozrunner::runner	INFO	Running command: "C:\\Program Files\\Mozilla Firefox\\firefox.exe" "--marionette" "-headless" "-profile" "C:\\Users\\-\\AppDa ... \Local\\Temp\\sm603-firefox-probe-9cqmh8zq" "--remote-debugging-port" "54224" "--remote-allow-hosts" "localhost" "-no-remote"
*** You are running in headless mode.
Dynamically enable window occlusion 0
1791074405860	Marionette	INFO	Marionette enabled
1791074405943	Marionette	INFO	Listening on port 54232
WebDriver BiDi listening on ws://127.0.0.1:54224
[WARN  rkv::backend::impl_safe::environment] `load_ratio()` is irrelevant for this storage backend.
Read port: 54232
1791074406082	RemoteAgent	WARN	TLS certificate errors will be ignored for this session
[GFX1-]: RenderCompositorSWGL failed mapping default framebuffer, no dt
[ERROR shell_windows::limited_access_features] Error generating feature token: NS_ERROR_FAILURE
[ERROR shell_windows::taskbar::shortcut] Error matching shortcut: Error { code: HRESULT(0x80004005), message: "Unspecified error" }
[ERROR shell_windows::taskbar::shortcut] Error matching shortcut: Error { code: HRESULT(0x80004005), message: "Unspecified error" }
[ERROR shell_windows::taskbar::shortcut] Error matching shortcut: Error { code: HRESULT(0x80004005), message: "Unspecified error" }
console.error: [Exception... "Component returned failure code: 0x80070057 (NS_ERROR_ILLEGAL_VALUE) [nsIWinTaskbar.getTaskbarProgress]"  nsresult: "0x80070057 (NS_ERROR_ILLEGAL_VALUE)"  location: "JS frame :: moz-src:///browser/components/downloads/DownloadsTaskbar.sys.mjs :: #windowsAttachIndicator :: line 181"  data: no]
[WARN  glean_core::error_recording] gfx.adapter.primary.driver_files: Value length 771 exceeds maximum of 255
console.error: "Experiment desktop-release-rollout-show-relay-to-all-browsers-next-sign-up-modal-cta has unknown featureId: email-autocomplete-relay"
console.error: "Experiment visual-card-updates has unknown featureId: newtabRefinedCardsLayout"
console.error: "Experiment enable-nimbus-unenrollment-synchronization has unknown featureId: nimbusStore"
console.error: "Experiment private-window-visual-refresh-design-change-only has unknown featureId: feltPrivacy"
console.error: [Exception... "Favicon at "http://127.0.0.1:54222/favicon.ico" failed to load."  nsresult: "0x80530013 (NS_ERROR_DOM_NETWORK_ERR)"  location: "JS frame :: resource:///modules/FaviconLoader.sys.mjs :: onStopRequest :: line 282"  data: no]
JavaScript warning: resource://devtools/client/jsonview/, line 3: WebGPU is disabled by blocklist.
1791074408072	Marionette	INFO	Stopped listening on port 54232
JavaScript error: resource://gre/modules/PrivateBrowsingUtils.sys.mjs, line 50: TypeError: can't access property "QueryInterface", aWindow.docShell is null
Dynamically enable window occlusion 1
JavaScript error: resource://gre/modules/UrlClassifierListManager.sys.mjs, line 627: NS_ERROR_NOT_INITIALIZED: Component returned failure code: 0xc1f30001 (NS_ERROR_NOT_INITIALIZED) [nsIUrlClassifierDBService.getTables]
1791074446268	geckodriver	INFO	Listening on 127.0.0.1:54259
1791074449326	mozrunner::runner	INFO	Running command: "C:\\Program Files\\Mozilla Firefox\\firefox.exe" "--marionette" "-headless" "-profile" "C:\\Users\\-\\AppDa ... \Local\\Temp\\sm603-firefox-probe-h9xbtr0y" "--remote-debugging-port" "54260" "--remote-allow-hosts" "localhost" "-no-remote"
*** You are running in headless mode.
Dynamically enable window occlusion 0
1791074449727	Marionette	INFO	Marionette enabled
1791074449814	Marionette	INFO	Listening on port 54277
WebDriver BiDi listening on ws://127.0.0.1:54260
Read port: 54277
[WARN  rkv::backend::impl_safe::environment] `load_ratio()` is irrelevant for this storage backend.
1791074449933	RemoteAgent	WARN	TLS certificate errors will be ignored for this session
[GFX1-]: RenderCompositorSWGL failed mapping default framebuffer, no dt
[ERROR shell_windows::limited_access_features] Error generating feature token: NS_ERROR_FAILURE
[ERROR shell_windows::taskbar::shortcut] Error matching shortcut: Error { code: HRESULT(0x80004005), message: "Unspecified error" }
[ERROR shell_windows::taskbar::shortcut] Error matching shortcut: Error { code: HRESULT(0x80004005), message: "Unspecified error" }
[ERROR shell_windows::taskbar::shortcut] Error matching shortcut: Error { code: HRESULT(0x80004005), message: "Unspecified error" }
console.error: [Exception... "Component returned failure code: 0x80070057 (NS_ERROR_ILLEGAL_VALUE) [nsIWinTaskbar.getTaskbarProgress]"  nsresult: "0x80070057 (NS_ERROR_ILLEGAL_VALUE)"  location: "JS frame :: moz-src:///browser/components/downloads/DownloadsTaskbar.sys.mjs :: #windowsAttachIndicator :: line 181"  data: no]
[WARN  glean_core::error_recording] gfx.adapter.primary.driver_files: Value length 771 exceeds maximum of 255
console.error: "Experiment desktop-release-rollout-show-relay-to-all-browsers-next-sign-up-modal-cta has unknown featureId: email-autocomplete-relay"
console.error: "Experiment visual-card-updates has unknown featureId: newtabRefinedCardsLayout"
console.error: "Experiment enable-nimbus-unenrollment-synchronization has unknown featureId: nimbusStore"
console.error: [Exception... "Favicon at "http://127.0.0.1:54258/favicon.ico" failed to load."  nsresult: "0x80530013 (NS_ERROR_DOM_NETWORK_ERR)"  location: "JS frame :: resource:///modules/FaviconLoader.sys.mjs :: onStopRequest :: line 282"  data: no]
console.error: "Experiment private-window-visual-refresh-design-change-only has unknown featureId: feltPrivacy"
JavaScript warning: resource://devtools/client/jsonview/, line 3: WebGPU is disabled by blocklist.
1791074451864	Marionette	INFO	Stopped listening on port 54277
JavaScript error: resource://gre/modules/PrivateBrowsingUtils.sys.mjs, line 50: TypeError: can't access property "QueryInterface", aWindow.docShell is null
Dynamically enable window occlusion 1
JavaScript error: resource://gre/modules/UrlClassifierListManager.sys.mjs, line 627: NS_ERROR_NOT_INITIALIZED: Component returned failure code: 0xc1f30001 (NS_ERROR_NOT_INITIALIZED) [nsIUrlClassifierDBService.getTables]
1791074480209	geckodriver	INFO	Listening on 127.0.0.1:54295
1791074483254	mozrunner::runner	INFO	Running command: "C:\\Program Files\\Mozilla Firefox\\firefox.exe" "--marionette" "-headless" "-profile" "C:\\Users\\-\\AppDa ... \Local\\Temp\\sm603-firefox-probe-r3xhl7wq" "--remote-debugging-port" "54296" "--remote-allow-hosts" "localhost" "-no-remote"
*** You are running in headless mode.
Dynamically enable window occlusion 0
1791074483625	Marionette	INFO	Marionette enabled
1791074483728	Marionette	INFO	Listening on port 54306
WebDriver BiDi listening on ws://127.0.0.1:54296
Read port: 54306
[WARN  rkv::backend::impl_safe::environment] `load_ratio()` is irrelevant for this storage backend.
1791074483876	RemoteAgent	WARN	TLS certificate errors will be ignored for this session
[GFX1-]: RenderCompositorSWGL failed mapping default framebuffer, no dt
[ERROR shell_windows::limited_access_features] Error generating feature token: NS_ERROR_FAILURE
[ERROR shell_windows::taskbar::shortcut] Error matching shortcut: Error { code: HRESULT(0x80004005), message: "Unspecified error" }
[ERROR shell_windows::taskbar::shortcut] Error matching shortcut: Error { code: HRESULT(0x80004005), message: "Unspecified error" }
[ERROR shell_windows::taskbar::shortcut] Error matching shortcut: Error { code: HRESULT(0x80004005), message: "Unspecified error" }
console.error: [Exception... "Component returned failure code: 0x80070057 (NS_ERROR_ILLEGAL_VALUE) [nsIWinTaskbar.getTaskbarProgress]"  nsresult: "0x80070057 (NS_ERROR_ILLEGAL_VALUE)"  location: "JS frame :: moz-src:///browser/components/downloads/DownloadsTaskbar.sys.mjs :: #windowsAttachIndicator :: line 181"  data: no]
[WARN  glean_core::error_recording] gfx.adapter.primary.driver_files: Value length 771 exceeds maximum of 255
JavaScript warning: http://127.0.0.1:54294/artifacts/sm603-firefox-probe/probe.html, line 3: WebGPU is disabled by blocklist.
1791074485527	Marionette	INFO	Stopped listening on port 54306
console.error: "Experiment desktop-release-rollout-show-relay-to-all-browsers-next-sign-up-modal-cta has unknown featureId: email-autocomplete-relay"
console.error: "Experiment visual-card-updates has unknown featureId: newtabRefinedCardsLayout"
console.error: "Experiment enable-nimbus-unenrollment-synchronization has unknown featureId: nimbusStore"
console.error: "Experiment private-window-visual-refresh-design-change-only has unknown featureId: feltPrivacy"
JavaScript error: resource://gre/modules/PrivateBrowsingUtils.sys.mjs, line 50: TypeError: can't access property "QueryInterface", aWindow.docShell is null
Dynamically enable window occlusion 1
JavaScript error: resource://gre/modules/UrlClassifierListManager.sys.mjs, line 627: NS_ERROR_NOT_INITIALIZED: Component returned failure code: 0xc1f30001 (NS_ERROR_NOT_INITIALIZED) [nsIUrlClassifierDBService.getTables]
1791074564416	geckodriver	INFO	Listening on 127.0.0.1:54338
1791074567462	mozrunner::runner	INFO	Running command: "C:\\Program Files\\Mozilla Firefox\\firefox.exe" "--marionette" "-profile" "C:\\Users\\-\\AppData\\Local\\Temp\\sm603-firefox-probe-h7uvxb0f" "--remote-debugging-port" "54339" "--remote-allow-hosts" "localhost" "-no-remote"
Dynamically enable window occlusion 0
1791074567819	Marionette	INFO	Marionette enabled
1791074567919	Marionette	INFO	Listening on port 59985
WebDriver BiDi listening on ws://127.0.0.1:54339
Read port: 59985
[WARN  rkv::backend::impl_safe::environment] `load_ratio()` is irrelevant for this storage backend.
1791074568066	RemoteAgent	WARN	TLS certificate errors will be ignored for this session
[WARN  webrender::device::gl] Missing optimized shader source for ps_quad_gradient_DITHERING
[ERROR shell_windows::limited_access_features] Error generating feature token: NS_ERROR_FAILURE
[ERROR shell_windows::taskbar::shortcut] Error matching shortcut: Error { code: HRESULT(0x80004005), message: "Unspecified error" }
console.error: "Experiment desktop-release-rollout-show-relay-to-all-browsers-next-sign-up-modal-cta has unknown featureId: email-autocomplete-relay"
console.error: "Experiment visual-card-updates has unknown featureId: newtabRefinedCardsLayout"
console.error: "Experiment enable-nimbus-unenrollment-synchronization has unknown featureId: nimbusStore"
console.error: "Experiment private-window-visual-refresh-design-change-only has unknown featureId: feltPrivacy"
[WARN  glean_core::error_recording] gfx.adapter.primary.driver_files: Value length 771 exceeds maximum of 255
[ERROR shell_windows::taskbar::shortcut] Error matching shortcut: Error { code: HRESULT(0x80004005), message: "Unspecified error" }
[ERROR shell_windows::taskbar::shortcut] Error matching shortcut: Error { code: HRESULT(0x80004005), message: "Unspecified error" }
1791074572526	Marionette	INFO	Stopped listening on port 59985
JavaScript error: resource://gre/modules/PrivateBrowsingUtils.sys.mjs, line 50: TypeError: can't access property "QueryInterface", aWindow.docShell is null
Dynamically enable window occlusion 1
