1791076941666	geckodriver	INFO	Listening on 127.0.0.1:60394
1791076944700	mozrunner::runner	INFO	Running command: "C:\\Program Files\\Mozilla Firefox\\firefox.exe" "--marionette" "-profile" "C:\\Users\\-\\AppData\\Local\\Temp\\sm603-firefox-ysdilx9b" "--remote-debugging-port" "60395" "--remote-allow-hosts" "localhost" "-no-remote"
Dynamically enable window occlusion 0
1791076945045	Marionette	INFO	Marionette enabled
1791076945137	Marionette	INFO	Listening on port 60404
WebDriver BiDi listening on ws://127.0.0.1:60395
[WARN  rkv::backend::impl_safe::environment] `load_ratio()` is irrelevant for this storage backend.
Read port: 60404
1791076945288	RemoteAgent	WARN	TLS certificate errors will be ignored for this session
[WARN  webrender::device::gl] Missing optimized shader source for ps_quad_gradient_DITHERING
[ERROR shell_windows::limited_access_features] Error generating feature token: NS_ERROR_FAILURE
[ERROR shell_windows::taskbar::shortcut] Error matching shortcut: Error { code: HRESULT(0x80004005), message: "Unspecified error" }
[ERROR shell_windows::taskbar::shortcut] Error matching shortcut: Error { code: HRESULT(0x80004005), message: "Unspecified error" }
[ERROR shell_windows::taskbar::shortcut] Error matching shortcut: Error { code: HRESULT(0x80004005), message: "Unspecified error" }
[WARN  glean_core::error_recording] gfx.adapter.primary.driver_files: Value length 771 exceeds maximum of 255
console.error: "Experiment desktop-release-rollout-show-relay-to-all-browsers-next-sign-up-modal-cta has unknown featureId: email-autocomplete-relay"
console.error: "Experiment visual-card-updates has unknown featureId: newtabRefinedCardsLayout"
console.error: "Experiment enable-nimbus-unenrollment-synchronization has unknown featureId: nimbusStore"
console.error: "Experiment private-window-visual-refresh-design-change-only has unknown featureId: feltPrivacy"
[WARN  rkv::backend::impl_safe::environment] `load_ratio()` is irrelevant for this storage backend.
console.error: "Experiment desktop-release-rollout-show-relay-to-all-browsers-next-sign-up-modal-cta has unknown featureId: email-autocomplete-relay"
console.error: "Experiment visual-card-updates has unknown featureId: newtabRefinedCardsLayout"
console.error: "Experiment enable-nimbus-unenrollment-synchronization has unknown featureId: nimbusStore"
console.error: "Experiment private-window-visual-refresh-design-change-only has unknown featureId: feltPrivacy"
1791077021746	Marionette	INFO	Stopped listening on port 60404
JavaScript error: resource://gre/modules/PrivateBrowsingUtils.sys.mjs, line 50: TypeError: can't access property "QueryInterface", aWindow.docShell is null
Dynamically enable window occlusion 1
